// Jest Snapshot v1, https://goo.gl/fbAQLP

exports[`Test Dialog content 1`] = `
<body>
  <div>
    <div>
      <div
        id="modal-root"
      />
    </div>
  </div>
</body>
`;
